A new version of Supabase CLI is available: v2.107.0 (currently installed v2.101.0)
We recommend updating regularly for new features and bug fixes: https://supabase.com/docs/guides/cli/getting-started#updating-the-supabase-cli
  run 1/3: show latest cash up…
  run 2/3: show latest cash up…
  run 3/3: show latest cash up…
  run 1/3: show net sales for last 7 days…
  run 2/3: show net sales for last 7 days…
  run 3/3: show net sales for last 7 days…
  run 1/3: visualize it (after last-7-days)…
  run 2/3: visualize it (after last-7-days)…
  run 3/3: visualize it (after last-7-days)…
  run 1/3: health check…
  run 2/3: health check…
  run 3/3: health check…
  run 1/3: dashboard readiness…
  run 2/3: dashboard readiness…
  run 3/3: dashboard readiness…
  run 1/3: why were sales down yesterday…
  run 2/3: why were sales down yesterday…
  run 3/3: why were sales down yesterday…
  run 1/3: show everything learned from historical weekly dashboards…
  run 2/3: show everything learned from historical weekly dashboards…
  run 3/3: show everything learned from historical weekly dashboards…
